Archive member included to satisfy reference by file (symbol)

C:\work\workspace_stm\nucleo-f446re_stdperiph_lib\Debug\libnucleo-f446re_stdperiph_lib.a(stm32f4xx_gpio.o)
                              src/lcd_16_4.o (GPIO_Init)
C:\work\workspace_stm\nucleo-f446re_stdperiph_lib\Debug\libnucleo-f446re_stdperiph_lib.a(stm32f4xx_rcc.o)
                              src/lcd_16_4.o (RCC_AHB1PeriphClockCmd)
c:/ac6/systemworkbench/plugins/fr.ac6.mcu.externaltools.arm-none.win32_1.17.0.201812190825/tools/compiler/bin/../lib/gcc/arm-none-eabi/7.3.1/../../../../arm-none-eabi/lib/thumb/v7e-m/fpv4-sp/hard\libc.a(lib_a-errno.o)
                              src/syscalls.o (__errno)
c:/ac6/systemworkbench/plugins/fr.ac6.mcu.externaltools.arm-none.win32_1.17.0.201812190825/tools/compiler/bin/../lib/gcc/arm-none-eabi/7.3.1/../../../../arm-none-eabi/lib/thumb/v7e-m/fpv4-sp/hard\libc.a(lib_a-exit.o)
                              c:/ac6/systemworkbench/plugins/fr.ac6.mcu.externaltools.arm-none.win32_1.17.0.201812190825/tools/compiler/bin/../lib/gcc/arm-none-eabi/7.3.1/../../../../arm-none-eabi/lib/thumb/v7e-m/fpv4-sp/hard/crt0.o (exit)
c:/ac6/systemworkbench/plugins/fr.ac6.mcu.externaltools.arm-none.win32_1.17.0.201812190825/tools/compiler/bin/../lib/gcc/arm-none-eabi/7.3.1/../../../../arm-none-eabi/lib/thumb/v7e-m/fpv4-sp/hard\libc.a(lib_a-impure.o)
                              c:/ac6/systemworkbench/plugins/fr.ac6.mcu.externaltools.arm-none.win32_1.17.0.201812190825/tools/compiler/bin/../lib/gcc/arm-none-eabi/7.3.1/../../../../arm-none-eabi/lib/thumb/v7e-m/fpv4-sp/hard\libc.a(lib_a-exit.o) (_global_impure_ptr)
c:/ac6/systemworkbench/plugins/fr.ac6.mcu.externaltools.arm-none.win32_1.17.0.201812190825/tools/compiler/bin/../lib/gcc/arm-none-eabi/7.3.1/../../../../arm-none-eabi/lib/thumb/v7e-m/fpv4-sp/hard\libc.a(lib_a-init.o)
                              c:/ac6/systemworkbench/plugins/fr.ac6.mcu.externaltools.arm-none.win32_1.17.0.201812190825/tools/compiler/bin/../lib/gcc/arm-none-eabi/7.3.1/../../../../arm-none-eabi/lib/thumb/v7e-m/fpv4-sp/hard/crt0.o (__libc_init_array)
c:/ac6/systemworkbench/plugins/fr.ac6.mcu.externaltools.arm-none.win32_1.17.0.201812190825/tools/compiler/bin/../lib/gcc/arm-none-eabi/7.3.1/../../../../arm-none-eabi/lib/thumb/v7e-m/fpv4-sp/hard\libc.a(lib_a-memset.o)
                              c:/ac6/systemworkbench/plugins/fr.ac6.mcu.externaltools.arm-none.win32_1.17.0.201812190825/tools/compiler/bin/../lib/gcc/arm-none-eabi/7.3.1/../../../../arm-none-eabi/lib/thumb/v7e-m/fpv4-sp/hard/crt0.o (memset)
c:/ac6/systemworkbench/plugins/fr.ac6.mcu.externaltools.arm-none.win32_1.17.0.201812190825/tools/compiler/bin/../lib/gcc/arm-none-eabi/7.3.1/../../../../arm-none-eabi/lib/thumb/v7e-m/fpv4-sp/hard\libc.a(lib_a-__call_atexit.o)
                              c:/ac6/systemworkbench/plugins/fr.ac6.mcu.externaltools.arm-none.win32_1.17.0.201812190825/tools/compiler/bin/../lib/gcc/arm-none-eabi/7.3.1/../../../../arm-none-eabi/lib/thumb/v7e-m/fpv4-sp/hard\libc.a(lib_a-exit.o) (__call_exitprocs)
c:/ac6/systemworkbench/plugins/fr.ac6.mcu.externaltools.arm-none.win32_1.17.0.201812190825/tools/compiler/bin/../lib/gcc/arm-none-eabi/7.3.1/../../../../arm-none-eabi/lib/thumb/v7e-m/fpv4-sp/hard\libc.a(lib_a-atexit.o)
                              c:/ac6/systemworkbench/plugins/fr.ac6.mcu.externaltools.arm-none.win32_1.17.0.201812190825/tools/compiler/bin/../lib/gcc/arm-none-eabi/7.3.1/../../../../arm-none-eabi/lib/thumb/v7e-m/fpv4-sp/hard\libc.a(lib_a-__call_atexit.o) (atexit)
c:/ac6/systemworkbench/plugins/fr.ac6.mcu.externaltools.arm-none.win32_1.17.0.201812190825/tools/compiler/bin/../lib/gcc/arm-none-eabi/7.3.1/../../../../arm-none-eabi/lib/thumb/v7e-m/fpv4-sp/hard\libc.a(lib_a-fini.o)
                              c:/ac6/systemworkbench/plugins/fr.ac6.mcu.externaltools.arm-none.win32_1.17.0.201812190825/tools/compiler/bin/../lib/gcc/arm-none-eabi/7.3.1/../../../../arm-none-eabi/lib/thumb/v7e-m/fpv4-sp/hard\libc.a(lib_a-__call_atexit.o) (__libc_fini_array)
c:/ac6/systemworkbench/plugins/fr.ac6.mcu.externaltools.arm-none.win32_1.17.0.201812190825/tools/compiler/bin/../lib/gcc/arm-none-eabi/7.3.1/../../../../arm-none-eabi/lib/thumb/v7e-m/fpv4-sp/hard\libc.a(lib_a-lock.o)
                              c:/ac6/systemworkbench/plugins/fr.ac6.mcu.externaltools.arm-none.win32_1.17.0.201812190825/tools/compiler/bin/../lib/gcc/arm-none-eabi/7.3.1/../../../../arm-none-eabi/lib/thumb/v7e-m/fpv4-sp/hard\libc.a(lib_a-__call_atexit.o) (__retarget_lock_acquire_recursive)
c:/ac6/systemworkbench/plugins/fr.ac6.mcu.externaltools.arm-none.win32_1.17.0.201812190825/tools/compiler/bin/../lib/gcc/arm-none-eabi/7.3.1/../../../../arm-none-eabi/lib/thumb/v7e-m/fpv4-sp/hard\libc.a(lib_a-__atexit.o)
[...]
Memory Configuration

Name             Origin             Length             Attributes
RAM              0x20000000         0x00020000         xrw
ROM              0x08000000         0x00080000         xr
*default*        0x00000000         0xffffffff

Linker script and memory map

LOAD c:/ac6/systemworkbench/plugins/fr.ac6.mcu.externaltools.arm-none.win32_1.17.0.201812190825/tools/compiler/bin/../lib/gcc/arm-none-eabi/7.3.1/thumb/v7e-m/fpv4-sp/hard/crti.o
LOAD c:/ac6/systemworkbench/plugins/fr.ac6.mcu.externaltools.arm-none.win32_1.17.0.201812190825/tools/compiler/bin/../lib/gcc/arm-none-eabi/7.3.1/thumb/v7e-m/fpv4-sp/hard/crtbegin.o
LOAD c:/ac6/systemworkbench/plugins/fr.ac6.mcu.externaltools.arm-none.win32_1.17.0.201812190825/tools/compiler/bin/../lib/gcc/arm-none-eabi/7.3.1/../../../../arm-none-eabi/lib/thumb/v7e-m/fpv4-sp/hard/crt0.o
LOAD src/lcd_16_4.o
LOAD src/lcd_commands.o
LOAD src/main.o
LOAD src/syscalls.o
LOAD src/system_stm32f4xx.o
LOAD startup/startup_stm32.o
LOAD C:\work\workspace_stm\nucleo-f446re_stdperiph_lib\Debug\libnucleo-f446re_stdperiph_lib.a
LOAD c:/ac6/systemworkbench/plugins/fr.ac6.mcu.externaltools.arm-none.win32_1.17.0.201812190825/tools/compiler/bin/../lib/gcc/arm-none-eabi/7.3.1/../../../../arm-none-eabi/lib/thumb/v7e-m/fpv4-sp/hard\libm.a
START GROUP
LOAD c:/ac6/systemworkbench/plugins/fr.ac6.mcu.externaltools.arm-none.win32_1.17.0.201812190825/tools/compiler/bin/../lib/gcc/arm-none-eabi/7.3.1/thumb/v7e-m/fpv4-sp/hard\libgcc.a
LOAD c:/ac6/systemworkbench/plugins/fr.ac6.mcu.externaltools.arm-none.win32_1.17.0.201812190825/tools/compiler/bin/../lib/gcc/arm-none-eabi/7.3.1/../../../../arm-none-eabi/lib/thumb/v7e-m/fpv4-sp/hard\libc.a
END GROUP
LOAD c:/ac6/systemworkbench/plugins/fr.ac6.mcu.externaltools.arm-none.win32_1.17.0.201812190825/tools/compiler/bin/../lib/gcc/arm-none-eabi/7.3.1/thumb/v7e-m/fpv4-sp/hard/crtend.o
LOAD c:/ac6/systemworkbench/plugins/fr.ac6.mcu.externaltools.arm-none.win32_1.17.0.201812190825/tools/compiler/bin/../lib/gcc/arm-none-eabi/7.3.1/thumb/v7e-m/fpv4-sp/hard/crtn.o
                0x20020000                _estack = 0x20020000
                0x00000000                _Min_Heap_Size = 0x0
                0x00000400                _Min_Stack_Size = 0x400

.isr_vector     0x08000000      0x1c4
                0x08000000                . = ALIGN (0x4)
 *(.isr_vector)
 .isr_vector    0x08000000      0x1c4 startup/startup_stm32.o
                0x08000000                g_pfnVectors
                0x080001c4                . = ALIGN (0x4)

.text           0x080001c4      0x5e0
                0x080001c4                . = ALIGN (0x4)
 *(.text)
 .text          0x080001c4       0x40 c:/ac6/systemworkbench/plugins/fr.ac6.mcu.externaltools.arm-none.win32_1.17.0.201812190825/tools/compiler/bin/../lib/gcc/arm-none-eabi/7.3.1/thumb/v7e-m/fpv4-sp/hard/crtbegin.o
 *(.text*)
 .text.lcd_init
                0x08000204        0xc src/lcd_16_4.o
                0x08000204                lcd_init
 .text.lcd_hw_init
                0x08000210       0xc4 src/lcd_16_4.o
 .text.main     0x080002d4        0xa src/main.o
                0x080002d4                main
 *fill*         0x080002de        0x2 
 .text.SystemInit
                0x080002e0       0x6c src/system_stm32f4xx.o
                0x080002e0                SystemInit
 .text.SetSysClock
                0x0800034c      0x12c src/system_stm32f4xx.o
 .text.Reset_Handler
                0x08000478       0x50 startup/startup_stm32.o
                0x08000478                Reset_Handler
 .text.Default_Handler
                0x080004c8        0x2 startup/startup_stm32.o
                0x080004c8                RTC_Alarm_IRQHandler
                0x080004c8                EXTI2_IRQHandler
                0x080004c8                TIM8_CC_IRQHandler
                0x080004c8                SPDIF_Rx_IRQHandler
                0x080004c8                DebugMon_Handler
                0x080004c8                SPI4_IRQHandler
                0x080004c8                TIM1_CC_IRQHandler
                0x080004c8                QuadSPI_IRQHandler
                0x080004c8                DMA2_Stream5_IRQHandler
                0x080004c8                HardFault_Handler
                0x080004c8                DMA1_Stream5_IRQHandler
                0x080004c8                SysTick_Handler
                0x080004c8                PVD_IRQHandler
                0x080004c8                SDIO_IRQHandler
                0x080004c8                TAMP_STAMP_IRQHandler
                0x080004c8                PendSV_Handler
                0x080004c8                NMI_Handler
                0x080004c8                CAN2_RX1_IRQHandler
                0x080004c8                EXTI3_IRQHandler
                0x080004c8                TIM8_TRG_COM_TIM14_IRQHandler
                0x080004c8                TIM1_UP_TIM10_IRQHandler
                0x080004c8                FMPI2C1_error_IRQHandler
                0x080004c8                TIM8_UP_TIM13_IRQHandler
                0x080004c8                I2C3_ER_IRQHandler
                0x080004c8                EXTI0_IRQHandler
                0x080004c8                I2C2_EV_IRQHandler
                0x080004c8                DMA1_Stream2_IRQHandler
                0x080004c8                CAN1_RX0_IRQHandler
                0x080004c8                FPU_IRQHandler
                0x080004c8                OTG_HS_WKUP_IRQHandler
                0x080004c8                UsageFault_Handler
                0x080004c8                CAN2_SCE_IRQHandler
                0x080004c8                DMA2_Stream2_IRQHandler
                0x080004c8                SPI1_IRQHandler
                0x080004c8                TIM6_DAC_IRQHandler
                0x080004c8                TIM1_BRK_TIM9_IRQHandler
                0x080004c8                DCMI_IRQHandler
                0x080004c8                CAN2_RX0_IRQHandler
                0x080004c8                DMA2_Stream3_IRQHandler
                0x080004c8                FMPI2C1_IRQHandler
                0x080004c8                SAI2_IRQHandler
                0x080004c8                USART6_IRQHandler
                0x080004c8                USART3_IRQHandler
                0x080004c8                CAN1_RX1_IRQHandler
                0x080004c8                UART5_IRQHandler
                0x080004c8                DMA2_Stream0_IRQHandler
                0x080004c8                TIM4_IRQHandler
                0x080004c8                I2C1_EV_IRQHandler
                0x080004c8                HDMI_CEC_IRQHandler
                0x080004c8                DMA1_Stream6_IRQHandler
                0x080004c8                DMA1_Stream1_IRQHandler
                0x080004c8                UART4_IRQHandler
                0x080004c8                TIM3_IRQHandler
                0x080004c8                RCC_IRQHandler
                0x080004c8                TIM8_BRK_TIM12_IRQHandler
                0x080004c8                Default_Handler
                0x080004c8                EXTI15_10_IRQHandler
                0x080004c8                ADC_IRQHandler
                0x080004c8                DMA1_Stream7_IRQHandler
                0x080004c8                TIM7_IRQHandler
                0x080004c8                CAN2_TX_IRQHandler
                0x080004c8                TIM5_IRQHandler
                0x080004c8                DMA2_Stream7_IRQHandler
                0x080004c8                I2C3_EV_IRQHandler
                0x080004c8                EXTI9_5_IRQHandler
                0x080004c8                RTC_WKUP_IRQHandler
                0x080004c8                SPI2_IRQHandler
                0x080004c8                OTG_HS_EP1_IN_IRQHandler
                0x080004c8                MemManage_Handler
                0x080004c8                DMA1_Stream0_IRQHandler
                0x080004c8                CAN1_TX_IRQHandler
                0x080004c8                SVC_Handler
                0x080004c8                EXTI4_IRQHandler
                0x080004c8                OTG_HS_EP1_OUT_IRQHandler
                0x080004c8                WWDG_IRQHandler
                0x080004c8                TIM2_IRQHandler
                0x080004c8                OTG_FS_WKUP_IRQHandler
                0x080004c8                TIM1_TRG_COM_TIM11_IRQHandler
                0x080004c8                OTG_HS_IRQHandler
                0x080004c8                EXTI1_IRQHandler
                0x080004c8                USART2_IRQHandler
                0x080004c8                I2C2_ER_IRQHandler
                0x080004c8                DMA2_Stream1_IRQHandler
                0x080004c8                CAN1_SCE_IRQHandler
                0x080004c8                FLASH_IRQHandler
                0x080004c8                DMA2_Stream4_IRQHandler
                0x080004c8                BusFault_Handler
                0x080004c8                USART1_IRQHandler
                0x080004c8                OTG_FS_IRQHandler
                0x080004c8                SPI3_IRQHandler
                0x080004c8                DMA1_Stream4_IRQHandler
                0x080004c8                I2C1_ER_IRQHandler
                0x080004c8                FMC_IRQHandler
                0x080004c8                DMA2_Stream6_IRQHandler
                0x080004c8                SAI1_IRQHandler
                0x080004c8                DMA1_Stream3_IRQHandler
 .text.GPIO_Init
                0x080004ca      0x11c C:\work\workspace_stm\nucleo-f446re_stdperiph_lib\Debug\libnucleo-f446re_stdperiph_lib.a(stm32f4xx_gpio.o)
                0x080004ca                GPIO_Init
 *fill*         0x080005e6        0x2 
 .text.RCC_AHB1PeriphClockCmd
                0x080005e8       0x40 C:\work\workspace_stm\nucleo-f446re_stdperiph_lib\Debug\libnucleo-f446re_stdperiph_lib.a(stm32f4xx_rcc.o)
                0x080005e8                RCC_AHB1PeriphClockCmd
 .text.__libc_init_array
                0x08000628       0x48 c:/ac6/systemworkbench/plugins/fr.ac6.mcu.externaltools.arm-none.win32_1.17.0.201812190825/tools/compiler/bin/../lib/gcc/arm-none-eabi/7.3.1/../../../../arm-none-eabi/lib/thumb/v7e-m/fpv4-sp/hard\libc.a(lib_a-init.o)
                0x08000628                __libc_init_array
 .text.startup.register_fini
                0x08000670       0x14 c:/ac6/systemworkbench/plugins/fr.ac6.mcu.externaltools.arm-none.win32_1.17.0.201812190825/tools/compiler/bin/../lib/gcc/arm-none-eabi/7.3.1/../../../../arm-none-eabi/lib/thumb/v7e-m/fpv4-sp/hard\libc.a(lib_a-__call_atexit.o)
 .text.atexit   0x08000684        0xc c:/ac6/systemworkbench/plugins/fr.ac6.mcu.externaltools.arm-none.win32_1.17.0.201812190825/tools/compiler/bin/../lib/gcc/arm-none-eabi/7.3.1/../../../../arm-none-eabi/lib/thumb/v7e-m/fpv4-sp/hard\libc.a(lib_a-atexit.o)
                0x08000684                atexit
 .text.__libc_fini_array
                0x08000690       0x34 c:/ac6/systemworkbench/plugins/fr.ac6.mcu.externaltools.arm-none.win32_1.17.0.201812190825/tools/compiler/bin/../lib/gcc/arm-none-eabi/7.3.1/../../../../arm-none-eabi/lib/thumb/v7e-m/fpv4-sp/hard\libc.a(lib_a-fini.o)
                0x08000690                __libc_fini_array
 .text.__retarget_lock_acquire_recursive
                0x080006c4        0x4 c:/ac6/systemworkbench/plugins/fr.ac6.mcu.externaltools.arm-none.win32_1.17.0.201812190825/tools/compiler/bin/../lib/gcc/arm-none-eabi/7.3.1/../../../../arm-none-eabi/lib/thumb/v7e-m/fpv4-sp/hard\libc.a(lib_a-lock.o)
                0x080006c4                __retarget_lock_acquire_recursive
 .text.__retarget_lock_release_recursive
                0x080006c8        0x4 c:/ac6/systemworkbench/plugins/fr.ac6.mcu.externaltools.arm-none.win32_1.17.0.201812190825/tools/compiler/bin/../lib/gcc/arm-none-eabi/7.3.1/../../../../arm-none-eabi/lib/thumb/v7e-m/fpv4-sp/hard\libc.a(lib_a-lock.o)
                0x080006c8                __retarget_lock_release_recursive
 .text.__register_exitproc
                0x080006cc       0xc0 c:/ac6/systemworkbench/plugins/fr.ac6.mcu.externaltools.arm-none.win32_1.17.0.201812190825/tools/compiler/bin/../lib/gcc/arm-none-eabi/7.3.1/../../../../arm-none-eabi/lib/thumb/v7e-m/fpv4-sp/hard\libc.a(lib_a-__atexit.o)
                0x080006cc                __register_exitproc
 *(.glue_7)
 .glue_7        0x0800078c        0x0 linker stubs
 *(.glue_7t)
 .glue_7t       0x0800078c        0x0 linker stubs
 *(.eh_frame)
 .eh_frame      0x0800078c        0x0 c:/ac6/systemworkbench/plugins/fr.ac6.mcu.externaltools.arm-none.win32_1.17.0.201812190825/tools/compiler/bin/../lib/gcc/arm-none-eabi/7.3.1/thumb/v7e-m/fpv4-sp/hard/crtbegin.o
 *(.init)
 .init          0x0800078c        0x4 c:/ac6/systemworkbench/plugins/fr.ac6.mcu.externaltools.arm-none.win32_1.17.0.201812190825/tools/compiler/bin/../lib/gcc/arm-none-eabi/7.3.1/thumb/v7e-m/fpv4-sp/hard/crti.o
                0x0800078c                _init
 .init          0x08000790        0x8 c:/ac6/systemworkbench/plugins/fr.ac6.mcu.externaltools.arm-none.win32_1.17.0.201812190825/tools/compiler/bin/../lib/gcc/arm-none-eabi/7.3.1/thumb/v7e-m/fpv4-sp/hard/crtn.o
 *(.fini)
 .fini          0x08000798        0x4 c:/ac6/systemworkbench/plugins/fr.ac6.mcu.externaltools.arm-none.win32_1.17.0.201812190825/tools/compiler/bin/../lib/gcc/arm-none-eabi/7.3.1/thumb/v7e-m/fpv4-sp/hard/crti.o
                0x08000798                _fini
 .fini          0x0800079c        0x8 c:/ac6/systemworkbench/plugins/fr.ac6.mcu.externaltools.arm-none.win32_1.17.0.201812190825/tools/compiler/bin/../lib/gcc/arm-none-eabi/7.3.1/thumb/v7e-m/fpv4-sp/hard/crtn.o
                0x080007a4                . = ALIGN (0x4)
                0x080007a4                _etext = .

.vfp11_veneer   0x080007a4        0x0
 .vfp11_veneer  0x080007a4        0x0 linker stubs

.v4_bx          0x080007a4        0x0
 .v4_bx         0x080007a4        0x0 linker stubs

.iplt           0x080007a4        0x0
 .iplt          0x080007a4        0x0 c:/ac6/systemworkbench/plugins/fr.ac6.mcu.externaltools.arm-none.win32_1.17.0.201812190825/tools/compiler/bin/../lib/gcc/arm-none-eabi/7.3.1/thumb/v7e-m/fpv4-sp/hard/crtbegin.o

.rodata         0x080007a4        0x4
                0x080007a4                . = ALIGN (0x4)
 *(.rodata)
 *(.rodata*)
 .rodata._global_impure_ptr
                0x080007a4        0x4 c:/ac6/systemworkbench/plugins/fr.ac6.mcu.externaltools.arm-none.win32_1.17.0.201812190825/tools/compiler/bin/../lib/gcc/arm-none-eabi/7.3.1/../../../../arm-none-eabi/lib/thumb/v7e-m/fpv4-sp/hard\libc.a(lib_a-impure.o)
                0x080007a4                _global_impure_ptr
                0x080007a8                . = ALIGN (0x4)

.rel.dyn        0x080007a8        0x0
 .rel.iplt      0x080007a8        0x0 c:/ac6/systemworkbench/plugins/fr.ac6.mcu.externaltools.arm-none.win32_1.17.0.201812190825/tools/compiler/bin/../lib/gcc/arm-none-eabi/7.3.1/thumb/v7e-m/fpv4-sp/hard/crtbegin.o

.ARM.extab      0x080007a8        0x0
                0x080007a8                . = ALIGN (0x4)
 *(.ARM.extab* .gnu.linkonce.armextab.*)
                0x080007a8                . = ALIGN (0x4)

.ARM            0x080007a8        0x0
                0x080007a8                . = ALIGN (0x4)
                0x080007a8                __exidx_start = .
 *(.ARM.exidx*)
                0x080007a8                __exidx_end = .
                0x080007a8                . = ALIGN (0x4)

.preinit_array  0x080007a8        0x0
                0x080007a8                . = ALIGN (0x4)
                0x080007a8                PROVIDE (__preinit_array_start = .)
 *(.preinit_array*)
                0x080007a8                PROVIDE (__preinit_array_end = .)
                0x080007a8                . = ALIGN (0x4)

.init_array     0x080007a8        0x8
                0x080007a8                . = ALIGN (0x4)
                0x080007a8                PROVIDE (__init_array_start = .)
 *(SORT_BY_NAME(.init_array.*))
 .init_array.00000
                0x080007a8        0x4 c:/ac6/systemworkbench/plugins/fr.ac6.mcu.externaltools.arm-none.win32_1.17.0.201812190825/tools/compiler/bin/../lib/gcc/arm-none-eabi/7.3.1/../../../../arm-none-eabi/lib/thumb/v7e-m/fpv4-sp/hard\libc.a(lib_a-__call_atexit.o)
 *(.init_array*)
 .init_array    0x080007ac        0x4 c:/ac6/systemworkbench/plugins/fr.ac6.mcu.externaltools.arm-none.win32_1.17.0.201812190825/tools/compiler/bin/../lib/gcc/arm-none-eabi/7.3.1/thumb/v7e-m/fpv4-sp/hard/crtbegin.o
                0x080007b0                PROVIDE (__init_array_end = .)
                0x080007b0                . = ALIGN (0x4)

.fini_array     0x080007b0        0x4
                0x080007b0                . = ALIGN (0x4)
                0x080007b0                PROVIDE (__fini_array_start = .)
 *(SORT_BY_NAME(.fini_array.*))
 *(.fini_array*)
 .fini_array    0x080007b0        0x4 c:/ac6/systemworkbench/plugins/fr.ac6.mcu.externaltools.arm-none.win32_1.17.0.201812190825/tools/compiler/bin/../lib/gcc/arm-none-eabi/7.3.1/thumb/v7e-m/fpv4-sp/hard/crtbegin.o
                0x080007b4                PROVIDE (__fini_array_end = .)
                0x080007b4                . = ALIGN (0x4)
                0x080007b4                _sidata = LOADADDR (.data)

.data           0x20000000      0x42c load address 0x080007b4
                0x20000000                . = ALIGN (0x4)
                0x20000000                _sdata = .
 *(.data)
 *(.data*)
 .data.impure_data
                0x20000000      0x428 c:/ac6/systemworkbench/plugins/fr.ac6.mcu.externaltools.arm-none.win32_1.17.0.201812190825/tools/compiler/bin/../lib/gcc/arm-none-eabi/7.3.1/../../../../arm-none-eabi/lib/thumb/v7e-m/fpv4-sp/hard\libc.a(lib_a-impure.o)
 .data.__atexit_recursive_mutex
                0x20000428        0x4 c:/ac6/systemworkbench/plugins/fr.ac6.mcu.externaltools.arm-none.win32_1.17.0.201812190825/tools/compiler/bin/../lib/gcc/arm-none-eabi/7.3.1/../../../../arm-none-eabi/lib/thumb/v7e-m/fpv4-sp/hard\libc.a(lib_a-__call_atexit.o)
                0x20000428                __atexit_recursive_mutex
                0x2000042c                . = ALIGN (0x4)
                0x2000042c                _edata = .

.igot.plt       0x2000042c        0x0 load address 0x08000be0
 .igot.plt      0x2000042c        0x0 c:/ac6/systemworkbench/plugins/fr.ac6.mcu.externaltools.arm-none.win32_1.17.0.201812190825/tools/compiler/bin/../lib/gcc/arm-none-eabi/7.3.1/thumb/v7e-m/fpv4-sp/hard/crtbegin.o
                0x2000042c                . = ALIGN (0x4)

.bss            0x2000042c       0x40 load address 0x08000be0
                0x2000042c                _sbss = .
                0x2000042c                __bss_start__ = _sbss
 *(.bss)
 .bss           0x2000042c       0x1c c:/ac6/systemworkbench/plugins/fr.ac6.mcu.externaltools.arm-none.win32_1.17.0.201812190825/tools/compiler/bin/../lib/gcc/arm-none-eabi/7.3.1/thumb/v7e-m/fpv4-sp/hard/crtbegin.o
 *(.bss*)
 *(COMMON)
 COMMON         0x20000448       0x21 c:/ac6/systemworkbench/plugins/fr.ac6.mcu.externaltools.arm-none.win32_1.17.0.201812190825/tools/compiler/bin/../lib/gcc/arm-none-eabi/7.3.1/../../../../arm-none-eabi/lib/thumb/v7e-m/fpv4-sp/hard\libc.a(lib_a-lock.o)
                0x20000448                __lock___atexit_recursive_mutex
                0x2000044c                __lock___arc4random_mutex
                0x20000450                __lock___env_recursive_mutex
                0x20000454                __lock___sinit_recursive_mutex
                0x20000458                __lock___malloc_recursive_mutex
                0x2000045c                __lock___at_quick_exit_mutex
                0x20000460                __lock___dd_hash_mutex
                0x20000464                __lock___tz_mutex
                0x20000468                __lock___sfp_recursive_mutex
                0x2000046c                . = ALIGN (0x4)
 *fill*         0x20000469        0x3 
                0x2000046c                _ebss = .
                0x2000046c                __bss_end__ = _ebss

._user_heap_stack
                0x2000046c      0x404 load address 0x08000be0
                0x20000470                . = ALIGN (0x8)
 *fill*         0x2000046c        0x4 
                0x20000470                PROVIDE (end = .)
                [!provide]                PROVIDE (_end = .)
                0x20000470                . = (. + _Min_Heap_Size)
                0x20000870                . = (. + _Min_Stack_Size)
 *fill*         0x20000470      0x400 
                0x20000870                . = ALIGN (0x8)

/DISCARD/
 libc.a(*)
 libm.a(*)
 libgcc.a(*)

.ARM.attributes
                0x00000000       0x30
 *(.ARM.attributes)
 .ARM.attributes
                0x00000000       0x22 c:/ac6/systemworkbench/plugins/fr.ac6.mcu.externaltools.arm-none.win32_1.17.0.201812190825/tools/compiler/bin/../lib/gcc/arm-none-eabi/7.3.1/thumb/v7e-m/fpv4-sp/hard/crti.o
 .ARM.attributes
                0x00000022       0x34 c:/ac6/systemworkbench/plugins/fr.ac6.mcu.externaltools.arm-none.win32_1.17.0.201812190825/tools/compiler/bin/../lib/gcc/arm-none-eabi/7.3.1/thumb/v7e-m/fpv4-sp/hard/crtbegin.o
 .ARM.attributes
                0x00000056       0x39 src/lcd_16_4.o
 .ARM.attributes
                0x0000008f       0x39 src/main.o
 .ARM.attributes
                0x000000c8       0x39 src/system_stm32f4xx.o
 .ARM.attributes
                0x00000101       0x21 startup/startup_stm32.o
 .ARM.attributes
                0x00000122       0x39 C:\work\workspace_stm\nucleo-f446re_stdperiph_lib\Debug\libnucleo-f446re_stdperiph_lib.a(stm32f4xx_gpio.o)
 .ARM.attributes
                0x0000015b       0x39 C:\work\workspace_stm\nucleo-f446re_stdperiph_lib\Debug\libnucleo-f446re_stdperiph_lib.a(stm32f4xx_rcc.o)
 .ARM.attributes
                0x00000194       0x34 c:/ac6/systemworkbench/plugins/fr.ac6.mcu.externaltools.arm-none.win32_1.17.0.201812190825/tools/compiler/bin/../lib/gcc/arm-none-eabi/7.3.1/../../../../arm-none-eabi/lib/thumb/v7e-m/fpv4-sp/hard\libc.a(lib_a-impure.o)
 .ARM.attributes
                0x000001c8       0x34 c:/ac6/systemworkbench/plugins/fr.ac6.mcu.externaltools.arm-none.win32_1.17.0.201812190825/tools/compiler/bin/../lib/gcc/arm-none-eabi/7.3.1/../../../../arm-none-eabi/lib/thumb/v7e-m/fpv4-sp/hard\libc.a(lib_a-init.o)
 .ARM.attributes
                0x000001fc       0x34 c:/ac6/systemworkbench/plugins/fr.ac6.mcu.externaltools.arm-none.win32_1.17.0.201812190825/tools/compiler/bin/../lib/gcc/arm-none-eabi/7.3.1/../../../../arm-none-eabi/lib/thumb/v7e-m/fpv4-sp/hard\libc.a(lib_a-__call_atexit.o)
 .ARM.attributes
                0x00000230       0x34 c:/ac6/systemworkbench/plugins/fr.ac6.mcu.externaltools.arm-none.win32_1.17.0.201812190825/tools/compiler/bin/../lib/gcc/arm-none-eabi/7.3.1/../../../../arm-none-eabi/lib/thumb/v7e-m/fpv4-sp/hard\libc.a(lib_a-atexit.o)
 .ARM.attributes
                0x00000264       0x34 c:/ac6/systemworkbench/plugins/fr.ac6.mcu.externaltools.arm-none.win32_1.17.0.201812190825/tools/compiler/bin/../lib/gcc/arm-none-eabi/7.3.1/../../../../arm-none-eabi/lib/thumb/v7e-m/fpv4-sp/hard\libc.a(lib_a-fini.o)
 .ARM.attributes
                0x00000298       0x34 c:/ac6/systemworkbench/plugins/fr.ac6.mcu.externaltools.arm-none.win32_1.17.0.201812190825/tools/compiler/bin/../lib/gcc/arm-none-eabi/7.3.1/../../../../arm-none-eabi/lib/thumb/v7e-m/fpv4-sp/hard\libc.a(lib_a-lock.o)
 .ARM.attributes
                0x000002cc       0x34 c:/ac6/systemworkbench/plugins/fr.ac6.mcu.externaltools.arm-none.win32_1.17.0.201812190825/tools/compiler/bin/../lib/gcc/arm-none-eabi/7.3.1/../../../../arm-none-eabi/lib/thumb/v7e-m/fpv4-sp/hard\libc.a(lib_a-__atexit.o)
 .ARM.attributes
                0x00000300       0x22 c:/ac6/systemworkbench/plugins/fr.ac6.mcu.externaltools.arm-none.win32_1.17.0.201812190825/tools/compiler/bin/../lib/gcc/arm-none-eabi/7.3.1/thumb/v7e-m/fpv4-sp/hard/crtn.o
OUTPUT(char_display_f446re.elf elf32-littlearm)

.debug_info     0x00000000     0x1f91
 .debug_info    0x00000000      0x2d7 src/lcd_16_4.o
 .debug_info    0x000002d7       0xcd src/main.o
 .debug_info    0x000003a4      0x612 src/system_stm32f4xx.o
 .debug_info    0x000009b6       0x22 startup/startup_stm32.o
 .debug_info    0x000009d8      0x62b C:\work\workspace_stm\nucleo-f446re_stdperiph_lib\Debug\libnucleo-f446re_stdperiph_lib.a(stm32f4xx_gpio.o)
 .debug_info    0x00001003      0xf8e C:\work\workspace_stm\nucleo-f446re_stdperiph_lib\Debug\libnucleo-f446re_stdperiph_lib.a(stm32f4xx_rcc.o)

.debug_abbrev   0x00000000      0x6b2
 .debug_abbrev  0x00000000      0x133 src/lcd_16_4.o
 .debug_abbrev  0x00000133       0x7d src/main.o
 .debug_abbrev  0x000001b0      0x15d src/system_stm32f4xx.o
 .debug_abbrev  0x0000030d       0x12 startup/startup_stm32.o
 .debug_abbrev  0x0000031f      0x1bf C:\work\workspace_stm\nucleo-f446re_stdperiph_lib\Debug\libnucleo-f446re_stdperiph_lib.a(stm32f4xx_gpio.o)
 .debug_abbrev  0x000004de      0x1d4 C:\work\workspace_stm\nucleo-f446re_stdperiph_lib\Debug\libnucleo-f446re_stdperiph_lib.a(stm32f4xx_rcc.o)

.debug_aranges  0x00000000      0x310
 .debug_aranges
                0x00000000       0x28 src/lcd_16_4.o
 .debug_aranges
                0x00000028       0x20 src/main.o
 .debug_aranges
                0x00000048       0x30 src/system_stm32f4xx.o
 .debug_aranges
                0x00000078       0x28 startup/startup_stm32.o
 .debug_aranges
                0x000000a0       0x88 C:\work\workspace_stm\nucleo-f446re_stdperiph_lib\Debug\libnucleo-f446re_stdperiph_lib.a(stm32f4xx_gpio.o)
 .debug_aranges
                0x00000128      0x1e8 C:\work\workspace_stm\nucleo-f446re_stdperiph_lib\Debug\libnucleo-f446re_stdperiph_lib.a(stm32f4xx_rcc.o)

.debug_ranges   0x00000000      0x2b8
 .debug_ranges  0x00000000       0x18 src/lcd_16_4.o
 .debug_ranges  0x00000018       0x10 src/main.o
 .debug_ranges  0x00000028       0x20 src/system_stm32f4xx.o
 .debug_ranges  0x00000048       0x20 startup/startup_stm32.o
 .debug_ranges  0x00000068       0x78 C:\work\workspace_stm\nucleo-f446re_stdperiph_lib\Debug\libnucleo-f446re_stdperiph_lib.a(stm32f4xx_gpio.o)
 .debug_ranges  0x000000e0      0x1d8 C:\work\workspace_stm\nucleo-f446re_stdperiph_lib\Debug\libnucleo-f446re_stdperiph_lib.a(stm32f4xx_rcc.o)

.debug_macro    0x00000000    0x12afb
 .debug_macro   0x00000000      0x1f7 src/lcd_16_4.o
 .debug_macro   0x000001f7      0xa72 src/lcd_16_4.o
 .debug_macro   0x00000c69       0x65 src/lcd_16_4.o
 .debug_macro   0x00000cce       0x3b src/lcd_16_4.o
 .debug_macro   0x00000d09       0x22 src/lcd_16_4.o
 .debug_macro   0x00000d2b       0x8e src/lcd_16_4.o
 .debug_macro   0x00000db9       0x51 src/lcd_16_4.o
 .debug_macro   0x00000e0a       0xef src/lcd_16_4.o
 .debug_macro   0x00000ef9       0x6a src/lcd_16_4.o
 .debug_macro   0x00000f63      0x1df src/lcd_16_4.o
 .debug_macro   0x00001142       0x34 src/lcd_16_4.o
 .debug_macro   0x00001176       0x26 src/lcd_16_4.o
 .debug_macro   0x0000119c      0xe43 src/lcd_16_4.o
 .debug_macro   0x00001fdf     0x9f98 src/lcd_16_4.o
 .debug_macro   0x0000bf77      0x448 src/lcd_16_4.o
 .debug_macro   0x0000c3bf       0xb2 src/lcd_16_4.o
 .debug_macro   0x0000c471      0x477 src/lcd_16_4.o
 .debug_macro   0x0000c8e8       0xb5 src/lcd_16_4.o
 .debug_macro   0x0000c99d      0x41c src/lcd_16_4.o
 .debug_macro   0x0000cdb9      0x341 src/lcd_16_4.o
 .debug_macro   0x0000d0fa      0x2ba src/lcd_16_4.o
 .debug_macro   0x0000d3b4       0x64 src/lcd_16_4.o
 .debug_macro   0x0000d418      0x100 src/lcd_16_4.o
 .debug_macro   0x0000d518      0x76d src/lcd_16_4.o
 .debug_macro   0x0000dc85      0x59e src/lcd_16_4.o
 .debug_macro   0x0000e223      0x342 src/lcd_16_4.o
 .debug_macro   0x0000e565      0x36c src/lcd_16_4.o
 .debug_macro   0x0000e8d1      0x114 src/lcd_16_4.o
 .debug_macro   0x0000e9e5      0x73b src/lcd_16_4.o
 .debug_macro   0x0000f120      0x223 src/lcd_16_4.o
 .debug_macro   0x0000f343       0x34 src/lcd_16_4.o
 .debug_macro   0x0000f377       0x82 src/lcd_16_4.o
 .debug_macro   0x0000f3f9      0x144 src/lcd_16_4.o
 .debug_macro   0x0000f53d       0xc3 src/lcd_16_4.o
 .debug_macro   0x0000f600      0x3cf src/lcd_16_4.o
 .debug_macro   0x0000f9cf      0x188 src/lcd_16_4.o
 .debug_macro   0x0000fb57      0x149 src/lcd_16_4.o
 .debug_macro   0x0000fca0      0x21e src/lcd_16_4.o
 .debug_macro   0x0000febe      0x23a src/lcd_16_4.o
 .debug_macro   0x000100f8      0x359 src/lcd_16_4.o
 .debug_macro   0x00010451      0x287 src/lcd_16_4.o
 .debug_macro   0x000106d8      0x29a src/lcd_16_4.o
 .debug_macro   0x00010972      0x142 src/lcd_16_4.o
 .debug_macro   0x00010ab4      0x191 src/lcd_16_4.o
 .debug_macro   0x00010c45       0x35 src/lcd_16_4.o
 .debug_macro   0x00010c7a       0xa0 src/lcd_16_4.o
 .debug_macro   0x00010d1a      0x1f7 src/main.o
 .debug_macro   0x00010f11      0x227 src/system_stm32f4xx.o
 .debug_macro   0x00011138      0x1fc C:\work\workspace_stm\nucleo-f446re_stdperiph_lib\Debug\libnucleo-f446re_stdperiph_lib.a(stm32f4xx_gpio.o)
 .debug_macro   0x00011334      0xa5a C:\work\workspace_stm\nucleo-f446re_stdperiph_lib\Debug\libnucleo-f446re_stdperiph_lib.a(stm32f4xx_gpio.o)
 .debug_macro   0x00011d8e      0x33b C:\work\workspace_stm\nucleo-f446re_stdperiph_lib\Debug\libnucleo-f446re_stdperiph_lib.a(stm32f4xx_gpio.o)
 .debug_macro   0x000120c9      0x2cb C:\work\workspace_stm\nucleo-f446re_stdperiph_lib\Debug\libnucleo-f446re_stdperiph_lib.a(stm32f4xx_rcc.o)
 .debug_macro   0x00012394      0x767 C:\work\workspace_stm\nucleo-f446re_stdperiph_lib\Debug\libnucleo-f446re_stdperiph_lib.a(stm32f4xx_rcc.o)

.debug_line     0x00000000     0x28bc
 .debug_line    0x00000000      0x6e1 src/lcd_16_4.o
 .debug_line    0x000006e1      0x6b4 src/main.o
 .debug_line    0x00000d95      0x714 src/system_stm32f4xx.o
 .debug_line    0x000014a9       0x7c startup/startup_stm32.o
 .debug_line    0x00001525      0x80d C:\work\workspace_stm\nucleo-f446re_stdperiph_lib\Debug\libnucleo-f446re_stdperiph_lib.a(stm32f4xx_gpio.o)
 .debug_line    0x00001d32      0xb8a C:\work\workspace_stm\nucleo-f446re_stdperiph_lib\Debug\libnucleo-f446re_stdperiph_lib.a(stm32f4xx_rcc.o)

.debug_str      0x00000000    0x6e1c5
 .debug_str     0x00000000    0x6cfe0 src/lcd_16_4.o
                              0x6d2b4 (size before relaxing)
 .debug_str     0x0006cfe0       0x13 src/main.o
                              0x6d0e8 (size before relaxing)
 .debug_str     0x0006cff3      0x296 src/system_stm32f4xx.o
                              0x6d183 (size before relaxing)
 .debug_str     0x0006d289       0x29 startup/startup_stm32.o
                                 0x59 (size before relaxing)
 .debug_str     0x0006d2b2      0x1c4 C:\work\workspace_stm\nucleo-f446re_stdperiph_lib\Debug\libnucleo-f446re_stdperiph_lib.a(stm32f4xx_gpio.o)
                              0x6d1cc (size before relaxing)
 .debug_str     0x0006d476      0xd4f C:\work\workspace_stm\nucleo-f446re_stdperiph_lib\Debug\libnucleo-f446re_stdperiph_lib.a(stm32f4xx_rcc.o)
                              0x6dda8 (size before relaxing)

.comment        0x00000000       0x7f
 .comment       0x00000000       0x7f src/lcd_16_4.o
                                 0x80 (size before relaxing)
 .comment       0x0000007f       0x80 src/main.o
 .comment       0x0000007f       0x80 src/system_stm32f4xx.o
 .comment       0x0000007f       0x80 C:\work\workspace_stm\nucleo-f446re_stdperiph_lib\Debug\libnucleo-f446re_stdperiph_lib.a(stm32f4xx_gpio.o)
 .comment       0x0000007f       0x80 C:\work\workspace_stm\nucleo-f446re_stdperiph_lib\Debug\libnucleo-f446re_stdperiph_lib.a(stm32f4xx_rcc.o)

.debug_frame    0x00000000      0xdf8
 .debug_frame   0x00000000       0x50 src/lcd_16_4.o
 .debug_frame   0x00000050       0x2c src/main.o
 .debug_frame   0x0000007c       0x7c src/system_stm32f4xx.o
 .debug_frame   0x000000f8      0x23c C:\work\workspace_stm\nucleo-f446re_stdperiph_lib\Debug\libnucleo-f446re_stdperiph_lib.a(stm32f4xx_gpio.o)
 .debug_frame   0x00000334      0x904 C:\work\workspace_stm\nucleo-f446re_stdperiph_lib\Debug\libnucleo-f446re_stdperiph_lib.a(stm32f4xx_rcc.o)
 .debug_frame   0x00000c38       0x2c c:/ac6/systemworkbench/plugins/fr.ac6.mcu.externaltools.arm-none.win32_1.17.0.201812190825/tools/compiler/bin/../lib/gcc/arm-none-eabi/7.3.1/../../../../arm-none-eabi/lib/thumb/v7e-m/fpv4-sp/hard\libc.a(lib_a-init.o)
 .debug_frame   0x00000c64       0x5c c:/ac6/systemworkbench/plugins/fr.ac6.mcu.externaltools.arm-none.win32_1.17.0.201812190825/tools/compiler/bin/../lib/gcc/arm-none-eabi/7.3.1/../../../../arm-none-eabi/lib/thumb/v7e-m/fpv4-sp/hard\libc.a(lib_a-__call_atexit.o)
 .debug_frame   0x00000cc0       0x20 c:/ac6/systemworkbench/plugins/fr.ac6.mcu.externaltools.arm-none.win32_1.17.0.201812190825/tools/compiler/bin/../lib/gcc/arm-none-eabi/7.3.1/../../../../arm-none-eabi/lib/thumb/v7e-m/fpv4-sp/hard\libc.a(lib_a-atexit.o)
 .debug_frame   0x00000ce0       0x34 c:/ac6/systemworkbench/plugins/fr.ac6.mcu.externaltools.arm-none.win32_1.17.0.201812190825/tools/compiler/bin/../lib/gcc/arm-none-eabi/7.3.1/../../../../arm-none-eabi/lib/thumb/v7e-m/fpv4-sp/hard\libc.a(lib_a-fini.o)
 .debug_frame   0x00000d14       0xb0 c:/ac6/systemworkbench/plugins/fr.ac6.mcu.externaltools.arm-none.win32_1.17.0.201812190825/tools/compiler/bin/../lib/gcc/arm-none-eabi/7.3.1/../../../../arm-none-eabi/lib/thumb/v7e-m/fpv4-sp/hard\libc.a(lib_a-lock.o)
 .debug_frame   0x00000dc4       0x34 c:/ac6/systemworkbench/plugins/fr.ac6.mcu.externaltools.arm-none.win32_1.17.0.201812190825/tools/compiler/bin/../lib/gcc/arm-none-eabi/7.3.1/../../../../arm-none-eabi/lib/thumb/v7e-m/fpv4-sp/hard\libc.a(lib_a-__atexit.o)
