Archive member included to satisfy reference by file (symbol)

C:\work\workspace_stm\nucleo-f446re_stdperiph_lib\Debug\libnucleo-f446re_stdperiph_lib.a(stm32f4xx_gpio.o)
                              src/lcd_16_4.o (GPIO_Init)
C:\work\workspace_stm\nucleo-f446re_stdperiph_lib\Debug\libnucleo-f446re_stdperiph_lib.a(stm32f4xx_rcc.o)
                              src/lcd_16_4.o (RCC_AHB1PeriphClockCmd)
c:/ac6/systemworkbench/plugins/fr.ac6.mcu.externaltools.arm-none.win32_1.17.0.201812190825/tools/compiler/bin/../lib/gcc/arm-none-eabi/7.3.1/../../../../arm-none-eabi/lib/thumb/v7e-m/fpv4-sp/hard\libc.a(lib_a-errno.o)
                              src/syscalls.o (__errno)
c:/ac6/systemworkbench/plugins/fr.ac6.mcu.externaltools.arm-none.win32_1.17.0.201812190825/tools/compiler/bin/../lib/gcc/arm-none-eabi/7.3.1/../../../../arm-none-eabi/lib/thumb/v7e-m/fpv4-sp/hard\libc.a(lib_a-exit.o)
                              c:/ac6/systemworkbench/plugins/fr.ac6.mcu.externaltools.arm-none.win32_1.17.0.201812190825/tools/compiler/bin/../lib/gcc/arm-none-eabi/7.3.1/../../../../arm-none-eabi/lib/thumb/v7e-m/fpv4-sp/hard/crt0.o (exit)
c:/ac6/systemworkbench/plugins/fr.ac6.mcu.externaltools.arm-none.win32_1.17.0.201812190825/tools/compiler/bin/../lib/gcc/arm-none-eabi/7.3.1/../../../../arm-none-eabi/lib/thumb/v7e-m/fpv4-sp/hard\libc.a(lib_a-impure.o)
                              c:/ac6/systemworkbench/plugins/fr.ac6.mcu.externaltools.arm-none.win32_1.17.0.201812190825/tools/compiler/bin/../lib/gcc/arm-none-eabi/7.3.1/../../../../arm-none-eabi/lib/thumb/v7e-m/fpv4-sp/hard\libc.a(lib_a-exit.o) (_global_impure_ptr)
c:/ac6/systemworkbench/plugins/fr.ac6.mcu.externaltools.arm-none.win32_1.17.0.201812190825/tools/compiler/bin/../lib/gcc/arm-none-eabi/7.3.1/../../../../arm-none-eabi/lib/thumb/v7e-m/fpv4-sp/hard\libc.a(lib_a-init.o)
                              c:/ac6/systemworkbench/plugins/fr.ac6.mcu.externaltools.arm-none.win32_1.17.0.201812190825/tools/compiler/bin/../lib/gcc/arm-none-eabi/7.3.1/../../../../arm-none-eabi/lib/thumb/v7e-m/fpv4-sp/hard/crt0.o (__libc_init_array)
c:/ac6/systemworkbench/plugins/fr.ac6.mcu.externaltools.arm-none.win32_1.17.0.201812190825/tools/compiler/bin/../lib/gcc/arm-none-eabi/7.3.1/../../../../arm-none-eabi/lib/thumb/v7e-m/fpv4-sp/hard\libc.a(lib_a-memset.o)
                              c:/ac6/systemworkbench/plugins/fr.ac6.mcu.externaltools.arm-none.win32_1.17.0.201812190825/tools/compiler/bin/../lib/gcc/arm-none-eabi/7.3.1/../../../../arm-none-eabi/lib/thumb/v7e-m/fpv4-sp/hard/crt0.o (memset)
c:/ac6/systemworkbench/plugins/fr.ac6.mcu.externaltools.arm-none.win32_1.17.0.201812190825/tools/compiler/bin/../lib/gcc/arm-none-eabi/7.3.1/../../../../arm-none-eabi/lib/thumb/v7e-m/fpv4-sp/hard\libc.a(lib_a-__call_atexit.o)
                              c:/ac6/systemworkbench/plugins/fr.ac6.mcu.externaltools.arm-none.win32_1.17.0.201812190825/tools/compiler/bin/../lib/gcc/arm-none-eabi/7.3.1/../../../../arm-none-eabi/lib/thumb/v7e-m/fpv4-sp/hard\libc.a(lib_a-exit.o) (__call_exitprocs)
c:/ac6/systemworkbench/plugins/fr.ac6.mcu.externaltools.arm-none.win32_1.17.0.201812190825/tools/compiler/bin/../lib/gcc/arm-none-eabi/7.3.1/../../../../arm-none-eabi/lib/thumb/v7e-m/fpv4-sp/hard\libc.a(lib_a-atexit.o)
                              c:/ac6/systemworkbench/plugins/fr.ac6.mcu.externaltools.arm-none.win32_1.17.0.201812190825/tools/compiler/bin/../lib/gcc/arm-none-eabi/7.3.1/../../../../arm-none-eabi/lib/thumb/v7e-m/fpv4-sp/hard\libc.a(lib_a-__call_atexit.o) (atexit)
c:/ac6/systemworkbench/plugins/fr.ac6.mcu.externaltools.arm-none.win32_1.17.0.201812190825/tools/compiler/bin/../lib/gcc/arm-none-eabi/7.3.1/../../../../arm-none-eabi/lib/thumb/v7e-m/fpv4-sp/hard\libc.a(lib_a-fini.o)
                              c:/ac6/systemworkbench/plugins/fr.ac6.mcu.externaltools.arm-none.win32_1.17.0.201812190825/tools/compiler/bin/../lib/gcc/arm-none-eabi/7.3.1/../../../../arm-none-eabi/lib/thumb/v7e-m/fpv4-sp/hard\libc.a(lib_a-__call_atexit.o) (__libc_fini_array)
c:/ac6/systemworkbench/plugins/fr.ac6.mcu.externaltools.arm-none.win32_1.17.0.201812190825/tools/compiler/bin/../lib/gcc/arm-none-eabi/7.3.1/../../../../arm-none-eabi/lib/thumb/v7e-m/fpv4-sp/hard\libc.a(lib_a-lock.o)
                              c:/ac6/systemworkbench/plugins/fr.ac6.mcu.externaltools.arm-none.win32_1.17.0.201812190825/tools/compiler/bin/../lib/gcc/arm-none-eabi/7.3.1/../../../../arm-none-eabi/lib/thumb/v7e-m/fpv4-sp/hard\libc.a(lib_a-__call_atexit.o) (__retarget_lock_acquire_recursive)
c:/ac6/systemworkbench/plugins/fr.ac6.mcu.externaltools.arm-none.win32_1.17.0.201812190825/tools/compiler/bin/../lib/gcc/arm-none-eabi/7.3.1/../../../../arm-none-eabi/lib/thumb/v7e-m/fpv4-sp/hard\libc.a(lib_a-__atexit.o)
[...]
Memory Configuration

Name             Origin             Length             Attributes
RAM              0x20000000         0x00020000         xrw
ROM              0x08000000         0x00080000         xr
*default*        0x00000000         0xffffffff

Linker script and memory map

LOAD c:/ac6/systemworkbench/plugins/fr.ac6.mcu.externaltools.arm-none.win32_1.17.0.201812190825/tools/compiler/bin/../lib/gcc/arm-none-eabi/7.3.1/thumb/v7e-m/fpv4-sp/hard/crti.o
LOAD c:/ac6/systemworkbench/plugins/fr.ac6.mcu.externaltools.arm-none.win32_1.17.0.201812190825/tools/compiler/bin/../lib/gcc/arm-none-eabi/7.3.1/thumb/v7e-m/fpv4-sp/hard/crtbegin.o
LOAD c:/ac6/systemworkbench/plugins/fr.ac6.mcu.externaltools.arm-none.win32_1.17.0.201812190825/tools/compiler/bin/../lib/gcc/arm-none-eabi/7.3.1/../../../../arm-none-eabi/lib/thumb/v7e-m/fpv4-sp/hard/crt0.o
LOAD src/delay.o
LOAD src/lcd_16_4.o
LOAD src/lcd_commands.o
LOAD src/main.o
LOAD src/syscalls.o
LOAD src/system_stm32f4xx.o
LOAD startup/startup_stm32.o
LOAD C:\work\workspace_stm\nucleo-f446re_stdperiph_lib\Debug\libnucleo-f446re_stdperiph_lib.a
LOAD c:/ac6/systemworkbench/plugins/fr.ac6.mcu.externaltools.arm-none.win32_1.17.0.201812190825/tools/compiler/bin/../lib/gcc/arm-none-eabi/7.3.1/../../../../arm-none-eabi/lib/thumb/v7e-m/fpv4-sp/hard\libm.a
START GROUP
LOAD c:/ac6/systemworkbench/plugins/fr.ac6.mcu.externaltools.arm-none.win32_1.17.0.201812190825/tools/compiler/bin/../lib/gcc/arm-none-eabi/7.3.1/thumb/v7e-m/fpv4-sp/hard\libgcc.a
LOAD c:/ac6/systemworkbench/plugins/fr.ac6.mcu.externaltools.arm-none.win32_1.17.0.201812190825/tools/compiler/bin/../lib/gcc/arm-none-eabi/7.3.1/../../../../arm-none-eabi/lib/thumb/v7e-m/fpv4-sp/hard\libc.a
END GROUP
LOAD c:/ac6/systemworkbench/plugins/fr.ac6.mcu.externaltools.arm-none.win32_1.17.0.201812190825/tools/compiler/bin/../lib/gcc/arm-none-eabi/7.3.1/thumb/v7e-m/fpv4-sp/hard/crtend.o
LOAD c:/ac6/systemworkbench/plugins/fr.ac6.mcu.externaltools.arm-none.win32_1.17.0.201812190825/tools/compiler/bin/../lib/gcc/arm-none-eabi/7.3.1/thumb/v7e-m/fpv4-sp/hard/crtn.o
                0x20020000                _estack = 0x20020000
                0x00000000                _Min_Heap_Size = 0x0
                0x00000400                _Min_Stack_Size = 0x400

.isr_vector     0x08000000      0x1c4
                0x08000000                . = ALIGN (0x4)
 *(.isr_vector)
 .isr_vector    0x08000000      0x1c4 startup/startup_stm32.o
                0x08000000                g_pfnVectors
                0x080001c4                . = ALIGN (0x4)

.text           0x080001c4      0x8a4
                0x080001c4                . = ALIGN (0x4)
 *(.text)
 .text          0x080001c4       0x40 c:/ac6/systemworkbench/plugins/fr.ac6.mcu.externaltools.arm-none.win32_1.17.0.201812190825/tools/compiler/bin/../lib/gcc/arm-none-eabi/7.3.1/thumb/v7e-m/fpv4-sp/hard/crtbegin.o
 *(.text*)
 .text.NVIC_SetPriority
                0x08000204       0x54 src/delay.o
 .text.SysTick_Config
                0x08000258       0x44 src/delay.o
 .text.Delay_init
                0x0800029c       0x30 src/delay.o
                0x0800029c                Delay_init
 .text.Delay_ms
                0x080002cc       0x26 src/delay.o
                0x080002cc                Delay_ms
 *fill*         0x080002f2        0x2 
 .text.Delay_us
                0x080002f4       0x2c src/delay.o
                0x080002f4                Delay_us
 .text.SysTick_Handler
                0x08000320       0x24 src/delay.o
                0x08000320                SysTick_Handler
 .text.lcd_init
                0x08000344       0x32 src/lcd_16_4.o
                0x08000344                lcd_init
 *fill*         0x08000376        0x2 
 .text.lcd_send_command
                0x08000378       0x20 src/lcd_16_4.o
                0x08000378                lcd_send_command
 .text.lcd_hw_init
                0x08000398       0xc4 src/lcd_16_4.o
 .text.lcd_function_set
                0x0800045c       0x5e src/lcd_commands.o
                0x0800045c                lcd_function_set
 .text.main     0x080004ba        0xe src/main.o
                0x080004ba                main
 .text.SystemInit
                0x080004c8       0x6c src/system_stm32f4xx.o
                0x080004c8                SystemInit
 .text.SystemCoreClockUpdate
                0x08000534       0xdc src/system_stm32f4xx.o
                0x08000534                SystemCoreClockUpdate
 .text.SetSysClock
                0x08000610      0x12c src/system_stm32f4xx.o
 .text.Reset_Handler
                0x0800073c       0x50 startup/startup_stm32.o
                0x0800073c                Reset_Handler
 .text.Default_Handler
                0x0800078c        0x2 startup/startup_stm32.o
                0x0800078c                RTC_Alarm_IRQHandler
                0x0800078c                EXTI2_IRQHandler
                0x0800078c                TIM8_CC_IRQHandler
                0x0800078c                SPDIF_Rx_IRQHandler
                0x0800078c                DebugMon_Handler
                0x0800078c                SPI4_IRQHandler
                0x0800078c                TIM1_CC_IRQHandler
                0x0800078c                QuadSPI_IRQHandler
                0x0800078c                DMA2_Stream5_IRQHandler
                0x0800078c                HardFault_Handler
                0x0800078c                DMA1_Stream5_IRQHandler
                0x0800078c                PVD_IRQHandler
                0x0800078c                SDIO_IRQHandler
                0x0800078c                TAMP_STAMP_IRQHandler
                0x0800078c                PendSV_Handler
                0x0800078c                NMI_Handler
                0x0800078c                CAN2_RX1_IRQHandler
                0x0800078c                EXTI3_IRQHandler
                0x0800078c                TIM8_TRG_COM_TIM14_IRQHandler
                0x0800078c                TIM1_UP_TIM10_IRQHandler
                0x0800078c                FMPI2C1_error_IRQHandler
                0x0800078c                TIM8_UP_TIM13_IRQHandler
                0x0800078c                I2C3_ER_IRQHandler
                0x0800078c                EXTI0_IRQHandler
                0x0800078c                I2C2_EV_IRQHandler
                0x0800078c                DMA1_Stream2_IRQHandler
                0x0800078c                CAN1_RX0_IRQHandler
                0x0800078c                FPU_IRQHandler
                0x0800078c                OTG_HS_WKUP_IRQHandler
                0x0800078c                UsageFault_Handler
                0x0800078c                CAN2_SCE_IRQHandler
                0x0800078c                DMA2_Stream2_IRQHandler
                0x0800078c                SPI1_IRQHandler
                0x0800078c                TIM6_DAC_IRQHandler
                0x0800078c                TIM1_BRK_TIM9_IRQHandler
                0x0800078c                DCMI_IRQHandler
                0x0800078c                CAN2_RX0_IRQHandler
                0x0800078c                DMA2_Stream3_IRQHandler
                0x0800078c                FMPI2C1_IRQHandler
                0x0800078c                SAI2_IRQHandler
                0x0800078c                USART6_IRQHandler
                0x0800078c                USART3_IRQHandler
                0x0800078c                CAN1_RX1_IRQHandler
                0x0800078c                UART5_IRQHandler
                0x0800078c                DMA2_Stream0_IRQHandler
                0x0800078c                TIM4_IRQHandler
                0x0800078c                I2C1_EV_IRQHandler
                0x0800078c                HDMI_CEC_IRQHandler
                0x0800078c                DMA1_Stream6_IRQHandler
                0x0800078c                DMA1_Stream1_IRQHandler
                0x0800078c                UART4_IRQHandler
                0x0800078c                TIM3_IRQHandler
                0x0800078c                RCC_IRQHandler
                0x0800078c                TIM8_BRK_TIM12_IRQHandler
                0x0800078c                Default_Handler
                0x0800078c                EXTI15_10_IRQHandler
                0x0800078c                ADC_IRQHandler
                0x0800078c                DMA1_Stream7_IRQHandler
                0x0800078c                TIM7_IRQHandler
                0x0800078c                CAN2_TX_IRQHandler
                0x0800078c                TIM5_IRQHandler
                0x0800078c                DMA2_Stream7_IRQHandler
                0x0800078c                I2C3_EV_IRQHandler
                0x0800078c                EXTI9_5_IRQHandler
                0x0800078c                RTC_WKUP_IRQHandler
                0x0800078c                SPI2_IRQHandler
                0x0800078c                OTG_HS_EP1_IN_IRQHandler
                0x0800078c                MemManage_Handler
                0x0800078c                DMA1_Stream0_IRQHandler
                0x0800078c                CAN1_TX_IRQHandler
                0x0800078c                SVC_Handler
                0x0800078c                EXTI4_IRQHandler
                0x0800078c                OTG_HS_EP1_OUT_IRQHandler
                0x0800078c                WWDG_IRQHandler
                0x0800078c                TIM2_IRQHandler
                0x0800078c                OTG_FS_WKUP_IRQHandler
                0x0800078c                TIM1_TRG_COM_TIM11_IRQHandler
                0x0800078c                OTG_HS_IRQHandler
                0x0800078c                EXTI1_IRQHandler
                0x0800078c                USART2_IRQHandler
                0x0800078c                I2C2_ER_IRQHandler
                0x0800078c                DMA2_Stream1_IRQHandler
                0x0800078c                CAN1_SCE_IRQHandler
                0x0800078c                FLASH_IRQHandler
                0x0800078c                DMA2_Stream4_IRQHandler
                0x0800078c                BusFault_Handler
                0x0800078c                USART1_IRQHandler
                0x0800078c                OTG_FS_IRQHandler
                0x0800078c                SPI3_IRQHandler
                0x0800078c                DMA1_Stream4_IRQHandler
                0x0800078c                I2C1_ER_IRQHandler
                0x0800078c                FMC_IRQHandler
                0x0800078c                DMA2_Stream6_IRQHandler
                0x0800078c                SAI1_IRQHandler
                0x0800078c                DMA1_Stream3_IRQHandler
 .text.GPIO_Init
                0x0800078e      0x11c C:\work\workspace_stm\nucleo-f446re_stdperiph_lib\Debug\libnucleo-f446re_stdperiph_lib.a(stm32f4xx_gpio.o)
                0x0800078e                GPIO_Init
 *fill*         0x080008aa        0x2 
 .text.RCC_AHB1PeriphClockCmd
                0x080008ac       0x40 C:\work\workspace_stm\nucleo-f446re_stdperiph_lib\Debug\libnucleo-f446re_stdperiph_lib.a(stm32f4xx_rcc.o)
                0x080008ac                RCC_AHB1PeriphClockCmd
 .text.__libc_init_array
                0x080008ec       0x48 c:/ac6/systemworkbench/plugins/fr.ac6.mcu.externaltools.arm-none.win32_1.17.0.201812190825/tools/compiler/bin/../lib/gcc/arm-none-eabi/7.3.1/../../../../arm-none-eabi/lib/thumb/v7e-m/fpv4-sp/hard\libc.a(lib_a-init.o)
                0x080008ec                __libc_init_array
 .text.startup.register_fini
                0x08000934       0x14 c:/ac6/systemworkbench/plugins/fr.ac6.mcu.externaltools.arm-none.win32_1.17.0.201812190825/tools/compiler/bin/../lib/gcc/arm-none-eabi/7.3.1/../../../../arm-none-eabi/lib/thumb/v7e-m/fpv4-sp/hard\libc.a(lib_a-__call_atexit.o)
 .text.atexit   0x08000948        0xc c:/ac6/systemworkbench/plugins/fr.ac6.mcu.externaltools.arm-none.win32_1.17.0.201812190825/tools/compiler/bin/../lib/gcc/arm-none-eabi/7.3.1/../../../../arm-none-eabi/lib/thumb/v7e-m/fpv4-sp/hard\libc.a(lib_a-atexit.o)
                0x08000948                atexit
 .text.__libc_fini_array
                0x08000954       0x34 c:/ac6/systemworkbench/plugins/fr.ac6.mcu.externaltools.arm-none.win32_1.17.0.201812190825/tools/compiler/bin/../lib/gcc/arm-none-eabi/7.3.1/../../../../arm-none-eabi/lib/thumb/v7e-m/fpv4-sp/hard\libc.a(lib_a-fini.o)
                0x08000954                __libc_fini_array
 .text.__retarget_lock_acquire_recursive
                0x08000988        0x4 c:/ac6/systemworkbench/plugins/fr.ac6.mcu.externaltools.arm-none.win32_1.17.0.201812190825/tools/compiler/bin/../lib/gcc/arm-none-eabi/7.3.1/../../../../arm-none-eabi/lib/thumb/v7e-m/fpv4-sp/hard\libc.a(lib_a-lock.o)
                0x08000988                __retarget_lock_acquire_recursive
 .text.__retarget_lock_release_recursive
                0x0800098c        0x4 c:/ac6/systemworkbench/plugins/fr.ac6.mcu.externaltools.arm-none.win32_1.17.0.201812190825/tools/compiler/bin/../lib/gcc/arm-none-eabi/7.3.1/../../../../arm-none-eabi/lib/thumb/v7e-m/fpv4-sp/hard\libc.a(lib_a-lock.o)
                0x0800098c                __retarget_lock_release_recursive
 .text.__register_exitproc
                0x08000990       0xc0 c:/ac6/systemworkbench/plugins/fr.ac6.mcu.externaltools.arm-none.win32_1.17.0.201812190825/tools/compiler/bin/../lib/gcc/arm-none-eabi/7.3.1/../../../../arm-none-eabi/lib/thumb/v7e-m/fpv4-sp/hard\libc.a(lib_a-__atexit.o)
                0x08000990                __register_exitproc
 *(.glue_7)
 .glue_7        0x08000a50        0x0 linker stubs
 *(.glue_7t)
 .glue_7t       0x08000a50        0x0 linker stubs
 *(.eh_frame)
 .eh_frame      0x08000a50        0x0 c:/ac6/systemworkbench/plugins/fr.ac6.mcu.externaltools.arm-none.win32_1.17.0.201812190825/tools/compiler/bin/../lib/gcc/arm-none-eabi/7.3.1/thumb/v7e-m/fpv4-sp/hard/crtbegin.o
 *(.init)
 .init          0x08000a50        0x4 c:/ac6/systemworkbench/plugins/fr.ac6.mcu.externaltools.arm-none.win32_1.17.0.201812190825/tools/compiler/bin/../lib/gcc/arm-none-eabi/7.3.1/thumb/v7e-m/fpv4-sp/hard/crti.o
                0x08000a50                _init
 .init          0x08000a54        0x8 c:/ac6/systemworkbench/plugins/fr.ac6.mcu.externaltools.arm-none.win32_1.17.0.201812190825/tools/compiler/bin/../lib/gcc/arm-none-eabi/7.3.1/thumb/v7e-m/fpv4-sp/hard/crtn.o
 *(.fini)
 .fini          0x08000a5c        0x4 c:/ac6/systemworkbench/plugins/fr.ac6.mcu.externaltools.arm-none.win32_1.17.0.201812190825/tools/compiler/bin/../lib/gcc/arm-none-eabi/7.3.1/thumb/v7e-m/fpv4-sp/hard/crti.o
                0x08000a5c                _fini
 .fini          0x08000a60        0x8 c:/ac6/systemworkbench/plugins/fr.ac6.mcu.externaltools.arm-none.win32_1.17.0.201812190825/tools/compiler/bin/../lib/gcc/arm-none-eabi/7.3.1/thumb/v7e-m/fpv4-sp/hard/crtn.o
                0x08000a68                . = ALIGN (0x4)
                0x08000a68                _etext = .

.vfp11_veneer   0x08000a68        0x0
 .vfp11_veneer  0x08000a68        0x0 linker stubs

.v4_bx          0x08000a68        0x0
 .v4_bx         0x08000a68        0x0 linker stubs

.iplt           0x08000a68        0x0
 .iplt          0x08000a68        0x0 c:/ac6/systemworkbench/plugins/fr.ac6.mcu.externaltools.arm-none.win32_1.17.0.201812190825/tools/compiler/bin/../lib/gcc/arm-none-eabi/7.3.1/thumb/v7e-m/fpv4-sp/hard/crtbegin.o

.rodata         0x08000a68        0x4
                0x08000a68                . = ALIGN (0x4)
 *(.rodata)
 *(.rodata*)
 .rodata._global_impure_ptr
                0x08000a68        0x4 c:/ac6/systemworkbench/plugins/fr.ac6.mcu.externaltools.arm-none.win32_1.17.0.201812190825/tools/compiler/bin/../lib/gcc/arm-none-eabi/7.3.1/../../../../arm-none-eabi/lib/thumb/v7e-m/fpv4-sp/hard\libc.a(lib_a-impure.o)
                0x08000a68                _global_impure_ptr
                0x08000a6c                . = ALIGN (0x4)

.rel.dyn        0x08000a6c        0x0
 .rel.iplt      0x08000a6c        0x0 c:/ac6/systemworkbench/plugins/fr.ac6.mcu.externaltools.arm-none.win32_1.17.0.201812190825/tools/compiler/bin/../lib/gcc/arm-none-eabi/7.3.1/thumb/v7e-m/fpv4-sp/hard/crtbegin.o

.ARM.extab      0x08000a6c        0x0
                0x08000a6c                . = ALIGN (0x4)
 *(.ARM.extab* .gnu.linkonce.armextab.*)
                0x08000a6c                . = ALIGN (0x4)

.ARM            0x08000a6c        0x0
                0x08000a6c                . = ALIGN (0x4)
                0x08000a6c                __exidx_start = .
 *(.ARM.exidx*)
                0x08000a6c                __exidx_end = .
                0x08000a6c                . = ALIGN (0x4)

.preinit_array  0x08000a6c        0x0
                0x08000a6c                . = ALIGN (0x4)
                0x08000a6c                PROVIDE (__preinit_array_start = .)
 *(.preinit_array*)
                0x08000a6c                PROVIDE (__preinit_array_end = .)
                0x08000a6c                . = ALIGN (0x4)

.init_array     0x08000a6c        0x8
                0x08000a6c                . = ALIGN (0x4)
                0x08000a6c                PROVIDE (__init_array_start = .)
 *(SORT_BY_NAME(.init_array.*))
 .init_array.00000
                0x08000a6c        0x4 c:/ac6/systemworkbench/plugins/fr.ac6.mcu.externaltools.arm-none.win32_1.17.0.201812190825/tools/compiler/bin/../lib/gcc/arm-none-eabi/7.3.1/../../../../arm-none-eabi/lib/thumb/v7e-m/fpv4-sp/hard\libc.a(lib_a-__call_atexit.o)
 *(.init_array*)
 .init_array    0x08000a70        0x4 c:/ac6/systemworkbench/plugins/fr.ac6.mcu.externaltools.arm-none.win32_1.17.0.201812190825/tools/compiler/bin/../lib/gcc/arm-none-eabi/7.3.1/thumb/v7e-m/fpv4-sp/hard/crtbegin.o
                0x08000a74                PROVIDE (__init_array_end = .)
                0x08000a74                . = ALIGN (0x4)

.fini_array     0x08000a74        0x4
                0x08000a74                . = ALIGN (0x4)
                0x08000a74                PROVIDE (__fini_array_start = .)
 *(SORT_BY_NAME(.fini_array.*))
 *(.fini_array*)
 .fini_array    0x08000a74        0x4 c:/ac6/systemworkbench/plugins/fr.ac6.mcu.externaltools.arm-none.win32_1.17.0.201812190825/tools/compiler/bin/../lib/gcc/arm-none-eabi/7.3.1/thumb/v7e-m/fpv4-sp/hard/crtbegin.o
                0x08000a78                PROVIDE (__fini_array_end = .)
                0x08000a78                . = ALIGN (0x4)
                0x08000a78                _sidata = LOADADDR (.data)

.data           0x20000000      0x444 load address 0x08000a78
                0x20000000                . = ALIGN (0x4)
                0x20000000                _sdata = .
 *(.data)
 .data          0x20000000       0x14 src/system_stm32f4xx.o
                0x20000000                SystemCoreClock
                0x20000004                AHBPrescTable
 *(.data*)
 *fill*         0x20000014        0x4 
 .data.impure_data
                0x20000018      0x428 c:/ac6/systemworkbench/plugins/fr.ac6.mcu.externaltools.arm-none.win32_1.17.0.201812190825/tools/compiler/bin/../lib/gcc/arm-none-eabi/7.3.1/../../../../arm-none-eabi/lib/thumb/v7e-m/fpv4-sp/hard\libc.a(lib_a-impure.o)
 .data.__atexit_recursive_mutex
                0x20000440        0x4 c:/ac6/systemworkbench/plugins/fr.ac6.mcu.externaltools.arm-none.win32_1.17.0.201812190825/tools/compiler/bin/../lib/gcc/arm-none-eabi/7.3.1/../../../../arm-none-eabi/lib/thumb/v7e-m/fpv4-sp/hard\libc.a(lib_a-__call_atexit.o)
                0x20000440                __atexit_recursive_mutex
                0x20000444                . = ALIGN (0x4)
                0x20000444                _edata = .

.igot.plt       0x20000444        0x0 load address 0x08000ebc
 .igot.plt      0x20000444        0x0 c:/ac6/systemworkbench/plugins/fr.ac6.mcu.externaltools.arm-none.win32_1.17.0.201812190825/tools/compiler/bin/../lib/gcc/arm-none-eabi/7.3.1/thumb/v7e-m/fpv4-sp/hard/crtbegin.o
                0x20000444                . = ALIGN (0x4)

.bss            0x20000444       0x44 load address 0x08000ebc
                0x20000444                _sbss = .
                0x20000444                __bss_start__ = _sbss
 *(.bss)
 .bss           0x20000444       0x1c c:/ac6/systemworkbench/plugins/fr.ac6.mcu.externaltools.arm-none.win32_1.17.0.201812190825/tools/compiler/bin/../lib/gcc/arm-none-eabi/7.3.1/thumb/v7e-m/fpv4-sp/hard/crtbegin.o
 *(.bss*)
 *(COMMON)
 COMMON         0x20000460        0x4 src/delay.o
                0x20000460                _req_delay_us
 COMMON         0x20000464       0x21 c:/ac6/systemworkbench/plugins/fr.ac6.mcu.externaltools.arm-none.win32_1.17.0.201812190825/tools/compiler/bin/../lib/gcc/arm-none-eabi/7.3.1/../../../../arm-none-eabi/lib/thumb/v7e-m/fpv4-sp/hard\libc.a(lib_a-lock.o)
                0x20000464                __lock___atexit_recursive_mutex
                0x20000468                __lock___arc4random_mutex
                0x2000046c                __lock___env_recursive_mutex
                0x20000470                __lock___sinit_recursive_mutex
                0x20000474                __lock___malloc_recursive_mutex
                0x20000478                __lock___at_quick_exit_mutex
                0x2000047c                __lock___dd_hash_mutex
                0x20000480                __lock___tz_mutex
                0x20000484                __lock___sfp_recursive_mutex
                0x20000488                . = ALIGN (0x4)
 *fill*         0x20000485        0x3 
                0x20000488                _ebss = .
                0x20000488                __bss_end__ = _ebss

._user_heap_stack
                0x20000488      0x400 load address 0x08000ebc
                0x20000488                . = ALIGN (0x8)
                0x20000488                PROVIDE (end = .)
                [!provide]                PROVIDE (_end = .)
                0x20000488                . = (. + _Min_Heap_Size)
                0x20000888                . = (. + _Min_Stack_Size)
 *fill*         0x20000488      0x400 
                0x20000888                . = ALIGN (0x8)

/DISCARD/
 libc.a(*)
 libm.a(*)
 libgcc.a(*)

.ARM.attributes
                0x00000000       0x30
 *(.ARM.attributes)
 .ARM.attributes
                0x00000000       0x22 c:/ac6/systemworkbench/plugins/fr.ac6.mcu.externaltools.arm-none.win32_1.17.0.201812190825/tools/compiler/bin/../lib/gcc/arm-none-eabi/7.3.1/thumb/v7e-m/fpv4-sp/hard/crti.o
 .ARM.attributes
                0x00000022       0x34 c:/ac6/systemworkbench/plugins/fr.ac6.mcu.externaltools.arm-none.win32_1.17.0.201812190825/tools/compiler/bin/../lib/gcc/arm-none-eabi/7.3.1/thumb/v7e-m/fpv4-sp/hard/crtbegin.o
 .ARM.attributes
                0x00000056       0x39 src/delay.o
 .ARM.attributes
                0x0000008f       0x39 src/lcd_16_4.o
 .ARM.attributes
                0x000000c8       0x39 src/lcd_commands.o
 .ARM.attributes
                0x00000101       0x39 src/main.o
 .ARM.attributes
                0x0000013a       0x39 src/system_stm32f4xx.o
 .ARM.attributes
                0x00000173       0x21 startup/startup_stm32.o
 .ARM.attributes
                0x00000194       0x39 C:\work\workspace_stm\nucleo-f446re_stdperiph_lib\Debug\libnucleo-f446re_stdperiph_lib.a(stm32f4xx_gpio.o)
 .ARM.attributes
                0x000001cd       0x39 C:\work\workspace_stm\nucleo-f446re_stdperiph_lib\Debug\libnucleo-f446re_stdperiph_lib.a(stm32f4xx_rcc.o)
 .ARM.attributes
                0x00000206       0x34 c:/ac6/systemworkbench/plugins/fr.ac6.mcu.externaltools.arm-none.win32_1.17.0.201812190825/tools/compiler/bin/../lib/gcc/arm-none-eabi/7.3.1/../../../../arm-none-eabi/lib/thumb/v7e-m/fpv4-sp/hard\libc.a(lib_a-impure.o)
 .ARM.attributes
                0x0000023a       0x34 c:/ac6/systemworkbench/plugins/fr.ac6.mcu.externaltools.arm-none.win32_1.17.0.201812190825/tools/compiler/bin/../lib/gcc/arm-none-eabi/7.3.1/../../../../arm-none-eabi/lib/thumb/v7e-m/fpv4-sp/hard\libc.a(lib_a-init.o)
 .ARM.attributes
                0x0000026e       0x34 c:/ac6/systemworkbench/plugins/fr.ac6.mcu.externaltools.arm-none.win32_1.17.0.201812190825/tools/compiler/bin/../lib/gcc/arm-none-eabi/7.3.1/../../../../arm-none-eabi/lib/thumb/v7e-m/fpv4-sp/hard\libc.a(lib_a-__call_atexit.o)
 .ARM.attributes
                0x000002a2       0x34 c:/ac6/systemworkbench/plugins/fr.ac6.mcu.externaltools.arm-none.win32_1.17.0.201812190825/tools/compiler/bin/../lib/gcc/arm-none-eabi/7.3.1/../../../../arm-none-eabi/lib/thumb/v7e-m/fpv4-sp/hard\libc.a(lib_a-atexit.o)
 .ARM.attributes
                0x000002d6       0x34 c:/ac6/systemworkbench/plugins/fr.ac6.mcu.externaltools.arm-none.win32_1.17.0.201812190825/tools/compiler/bin/../lib/gcc/arm-none-eabi/7.3.1/../../../../arm-none-eabi/lib/thumb/v7e-m/fpv4-sp/hard\libc.a(lib_a-fini.o)
 .ARM.attributes
                0x0000030a       0x34 c:/ac6/systemworkbench/plugins/fr.ac6.mcu.externaltools.arm-none.win32_1.17.0.201812190825/tools/compiler/bin/../lib/gcc/arm-none-eabi/7.3.1/../../../../arm-none-eabi/lib/thumb/v7e-m/fpv4-sp/hard\libc.a(lib_a-lock.o)
 .ARM.attributes
                0x0000033e       0x34 c:/ac6/systemworkbench/plugins/fr.ac6.mcu.externaltools.arm-none.win32_1.17.0.201812190825/tools/compiler/bin/../lib/gcc/arm-none-eabi/7.3.1/../../../../arm-none-eabi/lib/thumb/v7e-m/fpv4-sp/hard\libc.a(lib_a-__atexit.o)
 .ARM.attributes
                0x00000372       0x22 c:/ac6/systemworkbench/plugins/fr.ac6.mcu.externaltools.arm-none.win32_1.17.0.201812190825/tools/compiler/bin/../lib/gcc/arm-none-eabi/7.3.1/thumb/v7e-m/fpv4-sp/hard/crtn.o
OUTPUT(char_display_f446re.elf elf32-littlearm)

.debug_info     0x00000000     0x28e1
 .debug_info    0x00000000      0x722 src/delay.o
 .debug_info    0x00000722      0x2f6 src/lcd_16_4.o
 .debug_info    0x00000a18      0x201 src/lcd_commands.o
 .debug_info    0x00000c19       0xdb src/main.o
 .debug_info    0x00000cf4      0x612 src/system_stm32f4xx.o
 .debug_info    0x00001306       0x22 startup/startup_stm32.o
 .debug_info    0x00001328      0x62b C:\work\workspace_stm\nucleo-f446re_stdperiph_lib\Debug\libnucleo-f446re_stdperiph_lib.a(stm32f4xx_gpio.o)
 .debug_info    0x00001953      0xf8e C:\work\workspace_stm\nucleo-f446re_stdperiph_lib\Debug\libnucleo-f446re_stdperiph_lib.a(stm32f4xx_rcc.o)

.debug_abbrev   0x00000000      0x9ad
 .debug_abbrev  0x00000000      0x1d0 src/delay.o
 .debug_abbrev  0x000001d0      0x161 src/lcd_16_4.o
 .debug_abbrev  0x00000331       0xe7 src/lcd_commands.o
 .debug_abbrev  0x00000418       0x93 src/main.o
 .debug_abbrev  0x000004ab      0x15d src/system_stm32f4xx.o
 .debug_abbrev  0x00000608       0x12 startup/startup_stm32.o
 .debug_abbrev  0x0000061a      0x1bf C:\work\workspace_stm\nucleo-f446re_stdperiph_lib\Debug\libnucleo-f446re_stdperiph_lib.a(stm32f4xx_gpio.o)
 .debug_abbrev  0x000007d9      0x1d4 C:\work\workspace_stm\nucleo-f446re_stdperiph_lib\Debug\libnucleo-f446re_stdperiph_lib.a(stm32f4xx_rcc.o)

.debug_aranges  0x00000000      0x388
 .debug_aranges
                0x00000000       0x48 src/delay.o
 .debug_aranges
                0x00000048       0x30 src/lcd_16_4.o
 .debug_aranges
                0x00000078       0x28 src/lcd_commands.o
 .debug_aranges
                0x000000a0       0x20 src/main.o
 .debug_aranges
                0x000000c0       0x30 src/system_stm32f4xx.o
 .debug_aranges
                0x000000f0       0x28 startup/startup_stm32.o
 .debug_aranges
                0x00000118       0x88 C:\work\workspace_stm\nucleo-f446re_stdperiph_lib\Debug\libnucleo-f446re_stdperiph_lib.a(stm32f4xx_gpio.o)
 .debug_aranges
                0x000001a0      0x1e8 C:\work\workspace_stm\nucleo-f446re_stdperiph_lib\Debug\libnucleo-f446re_stdperiph_lib.a(stm32f4xx_rcc.o)

.debug_ranges   0x00000000      0x310
 .debug_ranges  0x00000000       0x38 src/delay.o
 .debug_ranges  0x00000038       0x20 src/lcd_16_4.o
 .debug_ranges  0x00000058       0x18 src/lcd_commands.o
 .debug_ranges  0x00000070       0x10 src/main.o
 .debug_ranges  0x00000080       0x20 src/system_stm32f4xx.o
 .debug_ranges  0x000000a0       0x20 startup/startup_stm32.o
 .debug_ranges  0x000000c0       0x78 C:\work\workspace_stm\nucleo-f446re_stdperiph_lib\Debug\libnucleo-f446re_stdperiph_lib.a(stm32f4xx_gpio.o)
 .debug_ranges  0x00000138      0x1d8 C:\work\workspace_stm\nucleo-f446re_stdperiph_lib\Debug\libnucleo-f446re_stdperiph_lib.a(stm32f4xx_rcc.o)

.debug_macro    0x00000000    0x12d94
 .debug_macro   0x00000000      0x1f8 src/delay.o
 .debug_macro   0x000001f8      0xa72 src/delay.o
 .debug_macro   0x00000c6a       0x65 src/delay.o
 .debug_macro   0x00000ccf       0x3b src/delay.o
 .debug_macro   0x00000d0a       0x22 src/delay.o
 .debug_macro   0x00000d2c       0x8e src/delay.o
 .debug_macro   0x00000dba       0x51 src/delay.o
 .debug_macro   0x00000e0b       0xef src/delay.o
 .debug_macro   0x00000efa       0x6a src/delay.o
 .debug_macro   0x00000f64      0x1df src/delay.o
 .debug_macro   0x00001143       0x34 src/delay.o
 .debug_macro   0x00001177       0x26 src/delay.o
 .debug_macro   0x0000119d      0xe43 src/delay.o
 .debug_macro   0x00001fe0     0x9f98 src/delay.o
 .debug_macro   0x0000bf78      0x448 src/delay.o
 .debug_macro   0x0000c3c0       0xb2 src/delay.o
 .debug_macro   0x0000c472      0x477 src/delay.o
 .debug_macro   0x0000c8e9       0xb5 src/delay.o
 .debug_macro   0x0000c99e      0x41c src/delay.o
 .debug_macro   0x0000cdba      0x341 src/delay.o
 .debug_macro   0x0000d0fb      0x2ba src/delay.o
 .debug_macro   0x0000d3b5       0x64 src/delay.o
 .debug_macro   0x0000d419      0x100 src/delay.o
 .debug_macro   0x0000d519      0x76d src/delay.o
 .debug_macro   0x0000dc86      0x59e src/delay.o
 .debug_macro   0x0000e224      0x342 src/delay.o
 .debug_macro   0x0000e566      0x36c src/delay.o
 .debug_macro   0x0000e8d2      0x114 src/delay.o
 .debug_macro   0x0000e9e6      0x73b src/delay.o
 .debug_macro   0x0000f121      0x223 src/delay.o
 .debug_macro   0x0000f344       0x34 src/delay.o
 .debug_macro   0x0000f378       0x82 src/delay.o
 .debug_macro   0x0000f3fa      0x144 src/delay.o
 .debug_macro   0x0000f53e       0xc3 src/delay.o
 .debug_macro   0x0000f601      0x3cf src/delay.o
 .debug_macro   0x0000f9d0      0x188 src/delay.o
 .debug_macro   0x0000fb58      0x149 src/delay.o
 .debug_macro   0x0000fca1      0x21e src/delay.o
 .debug_macro   0x0000febf      0x23a src/delay.o
 .debug_macro   0x000100f9      0x359 src/delay.o
 .debug_macro   0x00010452      0x287 src/delay.o
 .debug_macro   0x000106d9      0x29a src/delay.o
 .debug_macro   0x00010973      0x142 src/delay.o
 .debug_macro   0x00010ab5      0x191 src/delay.o
 .debug_macro   0x00010c46       0x35 src/delay.o
 .debug_macro   0x00010c7b      0x201 src/lcd_16_4.o
 .debug_macro   0x00010e7c       0xa0 src/lcd_16_4.o
 .debug_macro   0x00010f1c       0x7b src/lcd_commands.o
 .debug_macro   0x00010f97       0x1c src/lcd_commands.o
 .debug_macro   0x00010fb3      0x1f7 src/main.o
 .debug_macro   0x000111aa      0x227 src/system_stm32f4xx.o
 .debug_macro   0x000113d1      0x1fc C:\work\workspace_stm\nucleo-f446re_stdperiph_lib\Debug\libnucleo-f446re_stdperiph_lib.a(stm32f4xx_gpio.o)
 .debug_macro   0x000115cd      0xa5a C:\work\workspace_stm\nucleo-f446re_stdperiph_lib\Debug\libnucleo-f446re_stdperiph_lib.a(stm32f4xx_gpio.o)
 .debug_macro   0x00012027      0x33b C:\work\workspace_stm\nucleo-f446re_stdperiph_lib\Debug\libnucleo-f446re_stdperiph_lib.a(stm32f4xx_gpio.o)
 .debug_macro   0x00012362      0x2cb C:\work\workspace_stm\nucleo-f446re_stdperiph_lib\Debug\libnucleo-f446re_stdperiph_lib.a(stm32f4xx_rcc.o)
 .debug_macro   0x0001262d      0x767 C:\work\workspace_stm\nucleo-f446re_stdperiph_lib\Debug\libnucleo-f446re_stdperiph_lib.a(stm32f4xx_rcc.o)

.debug_line     0x00000000     0x3344
 .debug_line    0x00000000      0x735 src/delay.o
 .debug_line    0x00000735      0x705 src/lcd_16_4.o
 .debug_line    0x00000e3a      0x32e src/lcd_commands.o
 .debug_line    0x00001168      0x6b5 src/main.o
 .debug_line    0x0000181d      0x714 src/system_stm32f4xx.o
 .debug_line    0x00001f31       0x7c startup/startup_stm32.o
 .debug_line    0x00001fad      0x80d C:\work\workspace_stm\nucleo-f446re_stdperiph_lib\Debug\libnucleo-f446re_stdperiph_lib.a(stm32f4xx_gpio.o)
 .debug_line    0x000027ba      0xb8a C:\work\workspace_stm\nucleo-f446re_stdperiph_lib\Debug\libnucleo-f446re_stdperiph_lib.a(stm32f4xx_rcc.o)

.debug_str      0x00000000    0x6ea04
 .debug_str     0x00000000    0x6d2c7 src/delay.o
                              0x6d579 (size before relaxing)
 .debug_str     0x0006d2c7      0x3c1 src/lcd_16_4.o
                              0x6d2e4 (size before relaxing)
 .debug_str     0x0006d688      0x227 src/lcd_commands.o
                               0x4060 (size before relaxing)
 .debug_str     0x0006d8af       0x13 src/main.o
                              0x6d0f3 (size before relaxing)
 .debug_str     0x0006d8c2      0x206 src/system_stm32f4xx.o
                              0x6d183 (size before relaxing)
 .debug_str     0x0006dac8       0x29 startup/startup_stm32.o
                                 0x59 (size before relaxing)
 .debug_str     0x0006daf1      0x1c4 C:\work\workspace_stm\nucleo-f446re_stdperiph_lib\Debug\libnucleo-f446re_stdperiph_lib.a(stm32f4xx_gpio.o)
                              0x6d1cc (size before relaxing)
 .debug_str     0x0006dcb5      0xd4f C:\work\workspace_stm\nucleo-f446re_stdperiph_lib\Debug\libnucleo-f446re_stdperiph_lib.a(stm32f4xx_rcc.o)
                              0x6dda8 (size before relaxing)

.comment        0x00000000       0x7f
 .comment       0x00000000       0x7f src/delay.o
                                 0x80 (size before relaxing)
 .comment       0x0000007f       0x80 src/lcd_16_4.o
 .comment       0x0000007f       0x80 src/lcd_commands.o
 .comment       0x0000007f       0x80 src/main.o
 .comment       0x0000007f       0x80 src/system_stm32f4xx.o
 .comment       0x0000007f       0x80 C:\work\workspace_stm\nucleo-f446re_stdperiph_lib\Debug\libnucleo-f446re_stdperiph_lib.a(stm32f4xx_gpio.o)
 .comment       0x0000007f       0x80 C:\work\workspace_stm\nucleo-f446re_stdperiph_lib\Debug\libnucleo-f446re_stdperiph_lib.a(stm32f4xx_rcc.o)

.debug_frame    0x00000000      0xf54
 .debug_frame   0x00000000       0xe4 src/delay.o
 .debug_frame   0x000000e4       0x6c src/lcd_16_4.o
 .debug_frame   0x00000150       0x5c src/lcd_commands.o
 .debug_frame   0x000001ac       0x2c src/main.o
 .debug_frame   0x000001d8       0x7c src/system_stm32f4xx.o
 .debug_frame   0x00000254      0x23c C:\work\workspace_stm\nucleo-f446re_stdperiph_lib\Debug\libnucleo-f446re_stdperiph_lib.a(stm32f4xx_gpio.o)
 .debug_frame   0x00000490      0x904 C:\work\workspace_stm\nucleo-f446re_stdperiph_lib\Debug\libnucleo-f446re_stdperiph_lib.a(stm32f4xx_rcc.o)
 .debug_frame   0x00000d94       0x2c c:/ac6/systemworkbench/plugins/fr.ac6.mcu.externaltools.arm-none.win32_1.17.0.201812190825/tools/compiler/bin/../lib/gcc/arm-none-eabi/7.3.1/../../../../arm-none-eabi/lib/thumb/v7e-m/fpv4-sp/hard\libc.a(lib_a-init.o)
 .debug_frame   0x00000dc0       0x5c c:/ac6/systemworkbench/plugins/fr.ac6.mcu.externaltools.arm-none.win32_1.17.0.201812190825/tools/compiler/bin/../lib/gcc/arm-none-eabi/7.3.1/../../../../arm-none-eabi/lib/thumb/v7e-m/fpv4-sp/hard\libc.a(lib_a-__call_atexit.o)
 .debug_frame   0x00000e1c       0x20 c:/ac6/systemworkbench/plugins/fr.ac6.mcu.externaltools.arm-none.win32_1.17.0.201812190825/tools/compiler/bin/../lib/gcc/arm-none-eabi/7.3.1/../../../../arm-none-eabi/lib/thumb/v7e-m/fpv4-sp/hard\libc.a(lib_a-atexit.o)
 .debug_frame   0x00000e3c       0x34 c:/ac6/systemworkbench/plugins/fr.ac6.mcu.externaltools.arm-none.win32_1.17.0.201812190825/tools/compiler/bin/../lib/gcc/arm-none-eabi/7.3.1/../../../../arm-none-eabi/lib/thumb/v7e-m/fpv4-sp/hard\libc.a(lib_a-fini.o)
 .debug_frame   0x00000e70       0xb0 c:/ac6/systemworkbench/plugins/fr.ac6.mcu.externaltools.arm-none.win32_1.17.0.201812190825/tools/compiler/bin/../lib/gcc/arm-none-eabi/7.3.1/../../../../arm-none-eabi/lib/thumb/v7e-m/fpv4-sp/hard\libc.a(lib_a-lock.o)
 .debug_frame   0x00000f20       0x34 c:/ac6/systemworkbench/plugins/fr.ac6.mcu.externaltools.arm-none.win32_1.17.0.201812190825/tools/compiler/bin/../lib/gcc/arm-none-eabi/7.3.1/../../../../arm-none-eabi/lib/thumb/v7e-m/fpv4-sp/hard\libc.a(lib_a-__atexit.o)
